[2026-09-21 03:11:51.813 +00:00] [INF] [4] Emby.Server.Implementations.AppBase.BaseConfigurationManager: Setting cache path: "/cache"
[2026-09-21 03:11:51.989 +00:00] [INF] [11] Jellyfin.Server.ServerSetupApp.SetupServer: Kestrel is listening on "0.0.0.0"
[2026-09-21 03:11:52.015 +00:00] [INF] [11] Main: Jellyfin version: "12.1.0"
[2026-09-21 03:11:52.018 +00:00] [INF] [11] Main: Environment Variables: ["[JELLYFIN_CACHE_DIR, /cache]", "[JELLYFIN_DATA_DIR, /config]", "[JELLYFIN_FFMPEG, /usr/lib/jellyfin-ffmpeg/ffmpeg]", "[JELLYFIN_LOG_DIR, /config/log]", "[JELLYFIN_CONFIG_DIR, /config/config]", "[JELLYFIN_WEB_DIR, /jellyfin/jellyfin-web]"]
[2026-09-21 03:11:52.020 +00:00] [INF] [11] Main: Arguments: ["/jellyfin/jellyfin.dll"]
[2026-09-21 03:11:52.020 +00:00] [INF] [11] Main: Operating system: "Debian GNU/Linux 13 (trixie)"
[2026-09-21 03:11:52.020 +00:00] [INF] [11] Main: Architecture: X64
[2026-09-21 03:11:52.021 +00:00] [INF] [11] Main: 64-Bit Process: True
[2026-09-21 03:11:52.021 +00:00] [INF] [11] Main: User Interactive: True
[2026-09-21 03:11:52.021 +00:00] [INF] [11] Main: Processor count: 4
[2026-09-21 03:11:52.021 +00:00] [INF] [11] Main: Program data path: "/config"
[2026-09-21 03:11:52.021 +00:00] [INF] [11] Main: Log directory path: "/config/log"
[2026-09-21 03:11:52.021 +00:00] [INF] [11] Main: Config directory path: "/config/config"
[2026-09-21 03:11:52.021 +00:00] [INF] [11] Main: Cache path: "/cache"
[2026-09-21 03:11:52.022 +00:00] [INF] [11] Main: Temp directory path: "/tmp/jellyfin"
[2026-09-21 03:11:52.022 +00:00] [INF] [11] Main: Web resources path: "/jellyfin/jellyfin-web"
[2026-09-21 03:11:52.022 +00:00] [INF] [11] Main: Application directory: "/jellyfin/"
[2026-09-21 03:11:52.026 +00:00] [INF] [11] Jellyfin.Server.Startup: Storage path `"/config/data"` (Fixed) successfully checked with "16.6GiB" free which is over the minimum of "2GiB".
[2026-09-21 03:11:52.026 +00:00] [INF] [11] Jellyfin.Server.Startup: Storage path `"/cache"` (Fixed) successfully checked with "16.6GiB" free which is over the minimum of "2GiB".
[2026-09-21 03:11:52.026 +00:00] [INF] [11] Jellyfin.Server.Startup: Storage path `"/config"` (Fixed) successfully checked with "16.6GiB" free which is over the minimum of "2GiB".
[2026-09-21 03:11:52.055 +00:00] [INF] [11] Emby.Server.Implementations.AppBase.BaseConfigurationManager: Setting cache path: "/cache"
[2026-09-21 03:11:52.110 +00:00] [INF] [11] Jellyfin.Database.Providers.Sqlite.SqliteDatabaseProvider: SQLite connection string: "Data Source=/config/data/jellyfin.db;Cache=Private;Default Timeout=60;Pooling=True"
[2026-09-21 03:11:52.116 +00:00] [INF] [11] Jellyfin.Database.Providers.Sqlite.SqliteDatabaseProvider: SQLITE connection pragma command set to: 
"PRAGMA locking_mode=NORMAL;
PRAGMA journal_size_limit=134217728;
PRAGMA synchronous=1;
PRAGMA temp_store=2;
"
[2026-09-21 03:11:52.117 +00:00] [INF] [11] Jellyfin.Database.Implementations.Locking.NoLockBehavior: The database locking mode has been set to: NoLock.
[2026-09-21 03:11:52.150 +00:00] [INF] [11] Jellyfin.Server.Migrations.JellyfinMigrationService: Initialise Migration service.
[2026-09-21 03:11:52.151 +00:00] [INF] [11] Jellyfin.Server.Migrations.JellyfinMigrationService: System initialization detected. Seed data. Startup mode is: MediaServer
[2026-09-21 03:11:53.206 +00:00] [INF] [11] Jellyfin.Server.Migrations.JellyfinMigrationService: Seed migration 4124c2cd-e939-4ffb-9be9-9b311c413638-"DisableTranscodingThrottling".
[2026-09-21 03:11:53.210 +00:00] [INF] [11] Jellyfin.Server.Migrations.JellyfinMigrationService: Seed migration ef103419-8451-40d8-9f34-d1a8e93a1679-"CreateUserLoggingConfigFile".
[2026-09-21 03:11:53.210 +00:00] [INF] [11] Jellyfin.Server.Migrations.JellyfinMigrationService: Seed migration 3793eb59-bc8c-456c-8b9f-bd5a62a42978-"MigrateActivityLogDb".
[2026-09-21 03:11:53.211 +00:00] [INF] [11] Jellyfin.Server.Migrations.JellyfinMigrationService: Seed migration acbe17b7-8435-4a83-8b64-6fcf162cb9bd-"RemoveDuplicateExtras".
[2026-09-21 03:11:53.212 +00:00] [INF] [11] Jellyfin.Server.Migrations.JellyfinMigrationService: Seed migration 5c4b82a2-f053-4009-bd05-b6fcad82f14c-"MigrateUserDb".
[2026-09-21 03:11:53.212 +00:00] [INF] [11] Jellyfin.Server.Migrations.JellyfinMigrationService: Seed migration 06387815-c3cc-421f-a888-fb5f9992bea8-"MigrateDisplayPreferencesDb".
[2026-09-21 03:11:53.212 +00:00] [INF] [11] Jellyfin.Server.Migrations.JellyfinMigrationService: Seed migration a81f75e0-8f43-416f-a5e8-516ccab4d8cc-"RemoveDownloadImagesInAdvance".
[2026-09-21 03:11:53.213 +00:00] [INF] [11] Jellyfin.Server.Migrations.JellyfinMigrationService: Seed migration 5bd72f41-e6f3-4f60-90aa-09869abe0e22-"MigrateAuthenticationDb".
[2026-09-21 03:11:53.213 +00:00] [INF] [11] Jellyfin.Server.Migrations.JellyfinMigrationService: Seed migration 615dfa9e-2497-4dbb-a472-61938b752c5b-"FixPlaylistOwner".
[2026-09-21 03:11:53.213 +00:00] [INF] [11] Jellyfin.Server.Migrations.JellyfinMigrationService: Seed migration cf6fabc2-9fbe-4933-84a5-ffe52ef22a58-"FixAudioData".
[2026-09-21 03:11:53.213 +00:00] [INF] [11] Jellyfin.Server.Migrations.JellyfinMigrationService: Seed migration null-"MigrateLibraryDbCompatibilityCheck".
[2026-09-21 03:11:53.214 +00:00] [INF] [11] Jellyfin.Server.Migrations.JellyfinMigrationService: Seed migration null-"MigrateLibraryDb".
[2026-09-21 03:11:53.214 +00:00] [INF] [11] Jellyfin.Server.Migrations.JellyfinMigrationService: Seed migration null-"MoveExtractedFiles".
[2026-09-21 03:11:53.214 +00:00] [INF] [11] Jellyfin.Server.Migrations.JellyfinMigrationService: Seed migration null-"RefreshInternalDateModified".
[2026-09-21 03:11:53.215 +00:00] [INF] [11] Jellyfin.Server.Migrations.JellyfinMigrationService: Seed migration null-"MigrateKeyframeData".
[2026-09-21 03:11:53.215 +00:00] [INF] [11] Jellyfin.Server.Migrations.JellyfinMigrationService: Seed migration null-"MigrateLibraryUserData".
[2026-09-21 03:11:53.215 +00:00] [INF] [11] Jellyfin.Server.Migrations.JellyfinMigrationService: Seed migration null-"FixDates".
[2026-09-21 03:11:53.215 +00:00] [INF] [11] Jellyfin.Server.Migrations.JellyfinMigrationService: Seed migration null-"ReseedFolderFlag".
[2026-09-21 03:11:53.215 +00:00] [INF] [11] Jellyfin.Server.Migrations.JellyfinMigrationService: Seed migration null-"CleanMusicArtist".
[2026-09-21 03:11:53.216 +00:00] [INF] [11] Jellyfin.Server.Migrations.JellyfinMigrationService: Seed migration null-"MigrateLinkedChildren".
[2026-09-21 03:11:53.216 +00:00] [INF] [11] Jellyfin.Server.Migrations.JellyfinMigrationService: Seed migration null-"CleanupOrphanedExtras".
[2026-09-21 03:11:53.216 +00:00] [INF] [11] Jellyfin.Server.Migrations.JellyfinMigrationService: Seed migration null-"FixIncorrectOwnerIdRelationships".
[2026-09-21 03:11:53.216 +00:00] [INF] [11] Jellyfin.Server.Migrations.JellyfinMigrationService: Seed migration null-"FixLibrarySubtitleDownloadLanguages".
[2026-09-21 03:11:53.217 +00:00] [INF] [11] Jellyfin.Server.Migrations.JellyfinMigrationService: Seed migration null-"MergeDuplicateMusicArtists".
[2026-09-21 03:11:53.217 +00:00] [INF] [11] Jellyfin.Server.Migrations.JellyfinMigrationService: Seed migration null-"MergeDuplicatePeople".
[2026-09-21 03:11:53.217 +00:00] [INF] [11] Jellyfin.Server.Migrations.JellyfinMigrationService: Seed migration null-"CleanupOrphanedExternalData".
[2026-09-21 03:11:53.217 +00:00] [INF] [11] Jellyfin.Server.Migrations.JellyfinMigrationService: Seed migration null-"RefreshCleanNamesAndValues".
[2026-09-21 03:11:53.218 +00:00] [INF] [11] Jellyfin.Server.Migrations.JellyfinMigrationService: Seed migration null-"RefreshForcedSortNames".
[2026-09-21 03:11:53.218 +00:00] [INF] [11] Jellyfin.Server.Migrations.JellyfinMigrationService: Seed migration null-"RestorePlaylistChildrenFromMetadata".
[2026-09-21 03:11:53.218 +00:00] [INF] [11] Jellyfin.Server.Migrations.JellyfinMigrationService: Seed migration null-"RecomputeSeriesPresentationKey".
[2026-09-21 03:11:53.218 +00:00] [INF] [11] Jellyfin.Server.Migrations.JellyfinMigrationService: Seed migration null-"ConsolidateLocalizedUserViews".
[2026-09-21 03:11:53.219 +00:00] [INF] [11] Jellyfin.Server.Migrations.JellyfinMigrationService: Seed migration null-"EnableLocalSimilarityProviders".
[2026-09-21 03:11:53.219 +00:00] [INF] [11] Jellyfin.Server.Migrations.JellyfinMigrationService: Seed migration null-"RepairAlternateVersionLinks".
[2026-09-21 03:11:53.219 +00:00] [INF] [11] Jellyfin.Server.Migrations.JellyfinMigrationService: Seed migration null-"MigrateRatingLevels".
[2026-09-21 03:11:53.219 +00:00] [INF] [11] Jellyfin.Server.Migrations.JellyfinMigrationService: Seed migration null-"StripEmbeddedLinkedChildren".
[2026-09-21 03:11:53.220 +00:00] [INF] [11] Jellyfin.Server.Migrations.JellyfinMigrationService: Seed migration null-"UpdateNormalizedUsername".
[2026-09-21 03:11:53.220 +00:00] [INF] [11] Jellyfin.Server.Migrations.JellyfinMigrationService: Seed migration null-"DisableLegacyAuthorization".
[2026-09-21 03:11:53.220 +00:00] [INF] [11] Jellyfin.Server.Migrations.JellyfinMigrationService: Seed migration 9b354818-94d5-4b68-ac49-e35cb85f9d84-"CreateNetworkConfiguration".
[2026-09-21 03:11:53.221 +00:00] [INF] [11] Jellyfin.Server.Migrations.JellyfinMigrationService: Seed migration a8e61960-7726-4450-8f3d-82c12daabbcb-"MigrateEncodingOptions".
[2026-09-21 03:11:53.221 +00:00] [INF] [11] Jellyfin.Server.Migrations.JellyfinMigrationService: Seed migration a6dcacf4-c057-4ef9-80d3-61cef9ddb4f0-"MigrateMusicBrainzTimeout".
[2026-09-21 03:11:53.221 +00:00] [INF] [11] Jellyfin.Server.Migrations.JellyfinMigrationService: Seed migration 4fb5c950-1991-11ee-9b4b-0800200c9a66-"MigrateNetworkConfiguration".
[2026-09-21 03:11:53.221 +00:00] [INF] [11] Jellyfin.Server.Migrations.JellyfinMigrationService: Seed migration e73b777d-cd5c-4e71-957a-b86b3660b7cf-"RenameEnableGroupingIntoCollections".
[2026-09-21 03:11:53.228 +00:00] [INF] [11] Jellyfin.Server.Migrations.JellyfinMigrationService: Migration system initialisation completed.
[2026-09-21 03:11:53.246 +00:00] [INF] [11] Emby.Server.Implementations.AppBase.BaseConfigurationManager: Setting cache path: "/cache"
[2026-09-21 03:11:53.253 +00:00] [INF] [11] Emby.Server.Implementations.ApplicationHost: Loading assemblies
[2026-09-21 03:11:53.289 +00:00] [INF] [11] Jellyfin.Networking.Manager.NetworkManager: Defined LAN subnets: ["127.0.0.0/8", "10.0.0.0/8", "172.16.0.0/12", "192.168.0.0/16"]
[2026-09-21 03:11:53.290 +00:00] [INF] [11] Jellyfin.Networking.Manager.NetworkManager: Defined LAN exclusions: []
[2026-09-21 03:11:53.292 +00:00] [INF] [11] Jellyfin.Networking.Manager.NetworkManager: Used LAN subnets: ["127.0.0.0/8", "10.0.0.0/8", "172.16.0.0/12", "192.168.0.0/16"]
[2026-09-21 03:11:53.293 +00:00] [INF] [11] Jellyfin.Networking.Manager.NetworkManager: Filtered interface addresses: ["127.0.0.1", "10.0.13.143"]
[2026-09-21 03:11:53.293 +00:00] [INF] [11] Jellyfin.Networking.Manager.NetworkManager: Bind Addresses ["0.0.0.0"]
[2026-09-21 03:11:53.293 +00:00] [INF] [11] Jellyfin.Networking.Manager.NetworkManager: Remote IP filter is "Allowlist"
[2026-09-21 03:11:53.293 +00:00] [INF] [11] Jellyfin.Networking.Manager.NetworkManager: Filtered subnets: []
[2026-09-21 03:11:53.473 +00:00] [INF] [11] Jellyfin.Database.Providers.Sqlite.SqliteDatabaseProvider: SQLite connection string: "Data Source=/config/data/jellyfin.db;Cache=Private;Default Timeout=60;Pooling=True"
[2026-09-21 03:11:53.473 +00:00] [INF] [11] Jellyfin.Database.Providers.Sqlite.SqliteDatabaseProvider: SQLITE connection pragma command set to: 
"PRAGMA locking_mode=NORMAL;
PRAGMA journal_size_limit=134217728;
PRAGMA synchronous=1;
PRAGMA temp_store=2;
"
[2026-09-21 03:11:53.474 +00:00] [INF] [11] Jellyfin.Database.Implementations.Locking.NoLockBehavior: The database locking mode has been set to: NoLock.
[2026-09-21 03:11:53.526 +00:00] [INF] [11] Main: Prepare system for possible migrations
[2026-09-21 03:11:53.564 +00:00] [INF] [11] Main: A migration will attempt to modify the jellyfin.db, will attempt to backup the file now.
[2026-09-21 03:11:53.577 +00:00] [INF] [11] Main: Jellyfin database has been backed up as "20260921031153"
[2026-09-21 03:11:53.581 +00:00] [INF] [11] Jellyfin.Server.Migrations.JellyfinMigrationService: There are 55 migrations for stage CoreInitialisation.
[2026-09-21 03:11:53.582 +00:00] [INF] [11] InternalDatabaseMigration: Perform migration "20200514181226_AddActivityLog"
[2026-09-21 03:11:53.621 +00:00] [INF] [11] InternalDatabaseMigration: Migration "20200514181226_AddActivityLog" was successfully applied
[2026-09-21 03:11:53.622 +00:00] [INF] [11] InternalDatabaseMigration: Perform migration "20200613202153_AddUsers"
[2026-09-21 03:11:53.650 +00:00] [INF] [11] InternalDatabaseMigration: Migration "20200613202153_AddUsers" was successfully applied
[2026-09-21 03:11:53.651 +00:00] [INF] [11] InternalDatabaseMigration: Perform migration "20200728005145_AddDisplayPreferences"
[2026-09-21 03:11:53.670 +00:00] [INF] [11] InternalDatabaseMigration: Migration "20200728005145_AddDisplayPreferences" was successfully applied
[2026-09-21 03:11:53.671 +00:00] [INF] [11] InternalDatabaseMigration: Perform migration "20200905220533_FixDisplayPreferencesIndex"
[2026-09-21 03:11:53.679 +00:00] [INF] [11] InternalDatabaseMigration: Migration "20200905220533_FixDisplayPreferencesIndex" was successfully applied
[2026-09-21 03:11:53.680 +00:00] [INF] [11] InternalDatabaseMigration: Perform migration "20201004171403_AddMaxActiveSessions"
[2026-09-21 03:11:53.693 +00:00] [INF] [11] InternalDatabaseMigration: Migration "20201004171403_AddMaxActiveSessions" was successfully applied
[2026-09-21 03:11:53.694 +00:00] [INF] [11] InternalDatabaseMigration: Perform migration "20201204223655_AddCustomDisplayPreferences"
[2026-09-21 03:11:53.715 +00:00] [INF] [11] InternalDatabaseMigration: Migration "20201204223655_AddCustomDisplayPreferences" was successfully applied
[2026-09-21 03:11:53.716 +00:00] [INF] [11] InternalDatabaseMigration: Perform migration "20210320181425_AddIndexesAndCollations"
[2026-09-21 03:11:53.735 +00:00] [WRN] [11] Microsoft.EntityFrameworkCore.Migrations: An operation of type '"SqlOperation"' will be attempted while a rebuild of table '"ImageInfos"' is pending. The database may not be in an expected state. Review the SQL generated by this migration to help diagnose any failures. Consider moving these operations to a subsequent migration.
[2026-09-21 03:11:53.736 +00:00] [WRN] [11] Microsoft.EntityFrameworkCore.Migrations: An operation of type '"SqlOperation"' will be attempted while a rebuild of table '"ImageInfos"' is pending. The database may not be in an expected state. Review the SQL generated by this migration to help diagnose any failures. Consider moving these operations to a subsequent migration.
[2026-09-21 03:11:53.737 +00:00] [WRN] [11] Microsoft.EntityFrameworkCore.Migrations: An operation of type '"SqlOperation"' will be attempted while a rebuild of table '"Permissions"' is pending. The database may not be in an expected state. Review the SQL generated by this migration to help diagnose any failures. Consider moving these operations to a subsequent migration.
[2026-09-21 03:11:53.737 +00:00] [WRN] [11] Microsoft.EntityFrameworkCore.Migrations: An operation of type '"SqlOperation"' will be attempted while a rebuild of table '"Permissions"' is pending. The database may not be in an expected state. Review the SQL generated by this migration to help diagnose any failures. Consider moving these operations to a subsequent migration.
[2026-09-21 03:11:53.738 +00:00] [WRN] [11] Microsoft.EntityFrameworkCore.Migrations: An operation of type '"SqlOperation"' will be attempted while a rebuild of table '"Preferences"' is pending. The database may not be in an expected state. Review the SQL generated by this migration to help diagnose any failures. Consider moving these operations to a subsequent migration.
[2026-09-21 03:11:53.738 +00:00] [WRN] [11] Microsoft.EntityFrameworkCore.Migrations: An operation of type '"SqlOperation"' will be attempted while a rebuild of table '"Preferences"' is pending. The database may not be in an expected state. Review the SQL generated by this migration to help diagnose any failures. Consider moving these operations to a subsequent migration.
[2026-09-21 03:11:53.739 +00:00] [WRN] [11] Microsoft.EntityFrameworkCore.Migrations: An operation of type '"SqlOperation"' will be attempted while a rebuild of table '"Users"' is pending. The database may not be in an expected state. Review the SQL generated by this migration to help diagnose any failures. Consider moving these operations to a subsequent migration.
[2026-09-21 03:11:53.739 +00:00] [WRN] [11] Microsoft.EntityFrameworkCore.Migrations: An operation of type '"SqlOperation"' will be attempted while a rebuild of table '"Users"' is pending. The database may not be in an expected state. Review the SQL generated by this migration to help diagnose any failures. Consider moving these operations to a subsequent migration.
[2026-09-21 03:11:53.746 +00:00] [INF] [11] InternalDatabaseMigration: Migration "20210320181425_AddIndexesAndCollations" was successfully applied
[2026-09-21 03:11:53.747 +00:00] [INF] [11] InternalDatabaseMigration: Perform migration "20210407110544_NullableCustomPrefValue"
[2026-09-21 03:11:53.761 +00:00] [INF] [11] InternalDatabaseMigration: Migration "20210407110544_NullableCustomPrefValue" was successfully applied
[2026-09-21 03:11:53.762 +00:00] [INF] [11] InternalDatabaseMigration: Perform migration "20210814002109_AddDevices"
[2026-09-21 03:11:53.776 +00:00] [INF] [11] InternalDatabaseMigration: Migration "20210814002109_AddDevices" was successfully applied
[2026-09-21 03:11:53.777 +00:00] [INF] [11] InternalDatabaseMigration: Perform migration "20221022080052_AddIndexActivityLogsDateCreated"
[2026-09-21 03:11:53.788 +00:00] [INF] [11] InternalDatabaseMigration: Migration "20221022080052_AddIndexActivityLogsDateCreated" was successfully applied
[2026-09-21 03:11:53.789 +00:00] [INF] [11] InternalDatabaseMigration: Perform migration "20230526173516_RemoveEasyPassword"
[2026-09-21 03:11:53.807 +00:00] [INF] [11] InternalDatabaseMigration: Migration "20230526173516_RemoveEasyPassword" was successfully applied
[2026-09-21 03:11:53.808 +00:00] [INF] [11] InternalDatabaseMigration: Perform migration "20230626233818_AddTrickplayInfos"
[2026-09-21 03:11:53.820 +00:00] [INF] [11] InternalDatabaseMigration: Migration "20230626233818_AddTrickplayInfos" was successfully applied
[2026-09-21 03:11:53.821 +00:00] [INF] [11] InternalDatabaseMigration: Perform migration "20230923170422_UserCastReceiver"
[2026-09-21 03:11:53.832 +00:00] [INF] [11] InternalDatabaseMigration: Migration "20230923170422_UserCastReceiver" was successfully applied
[2026-09-21 03:11:53.833 +00:00] [INF] [11] InternalDatabaseMigration: Perform migration "20240729140605_AddMediaSegments"
[2026-09-21 03:11:53.850 +00:00] [INF] [11] InternalDatabaseMigration: Migration "20240729140605_AddMediaSegments" was successfully applied
[2026-09-21 03:11:53.851 +00:00] [INF] [11] InternalDatabaseMigration: Perform migration "20240928082930_MarkSegmentProviderIdNonNullable"
[2026-09-21 03:11:53.868 +00:00] [INF] [11] InternalDatabaseMigration: Migration "20240928082930_MarkSegmentProviderIdNonNullable" was successfully applied
[2026-09-21 03:11:53.870 +00:00] [INF] [11] InternalDatabaseMigration: Perform migration "20241020103111_LibraryDbMigration"
[2026-09-21 03:11:53.916 +00:00] [INF] [11] InternalDatabaseMigration: Migration "20241020103111_LibraryDbMigration" was successfully applied
[2026-09-21 03:11:53.918 +00:00] [INF] [11] InternalDatabaseMigration: Perform migration "20241111131257_AddedCustomDataKey"
[2026-09-21 03:11:53.940 +00:00] [INF] [11] InternalDatabaseMigration: Migration "20241111131257_AddedCustomDataKey" was successfully applied
[2026-09-21 03:11:53.942 +00:00] [INF] [11] InternalDatabaseMigration: Perform migration "20241111135439_AddedCustomDataKeyKey"
[2026-09-21 03:11:53.982 +00:00] [INF] [11] InternalDatabaseMigration: Migration "20241111135439_AddedCustomDataKeyKey" was successfully applied
[2026-09-21 03:11:53.983 +00:00] [INF] [11] InternalDatabaseMigration: Perform migration "20241112152323_FixAncestorIdConfig"
[2026-09-21 03:11:54.021 +00:00] [INF] [11] InternalDatabaseMigration: Migration "20241112152323_FixAncestorIdConfig" was successfully applied
[2026-09-21 03:11:54.022 +00:00] [INF] [11] InternalDatabaseMigration: Perform migration "20241112232041_FixMediaStreams"
[2026-09-21 03:11:54.065 +00:00] [INF] [11] InternalDatabaseMigration: Migration "20241112232041_FixMediaStreams" was successfully applied
[2026-09-21 03:11:54.067 +00:00] [INF] [11] InternalDatabaseMigration: Perform migration "20241112234144_FixMediaStreams2"
[2026-09-21 03:11:54.120 +00:00] [INF] [11] InternalDatabaseMigration: Migration "20241112234144_FixMediaStreams2" was successfully applied
[2026-09-21 03:11:54.121 +00:00] [INF] [11] InternalDatabaseMigration: Perform migration "20241113133548_EnforceUniqueItemValue"
[2026-09-21 03:11:54.145 +00:00] [INF] [11] InternalDatabaseMigration: Migration "20241113133548_EnforceUniqueItemValue" was successfully applied
[2026-09-21 03:11:54.146 +00:00] [INF] [11] InternalDatabaseMigration: Perform migration "20250202021306_FixedCollation"
[2026-09-21 03:11:54.184 +00:00] [INF] [11] InternalDatabaseMigration: Migration "20250202021306_FixedCollation" was successfully applied
[2026-09-21 03:11:54.186 +00:00] [INF] [11] InternalDatabaseMigration: Perform migration "20250204092455_MakeStartEndDateNullable"
[2026-09-21 03:11:54.229 +00:00] [INF] [11] InternalDatabaseMigration: Migration "20250204092455_MakeStartEndDateNullable" was successfully applied
[2026-09-21 03:11:54.231 +00:00] [INF] [11] InternalDatabaseMigration: Perform migration "20250214031148_ChannelIdGuid"
[2026-09-21 03:11:54.253 +00:00] [INF] [11] InternalDatabaseMigration: Migration "20250214031148_ChannelIdGuid" was successfully applied
[2026-09-21 03:11:54.255 +00:00] [INF] [11] InternalDatabaseMigration: Perform migration "20250326065026_AddInheritedParentalRatingSubValue"
[2026-09-21 03:11:54.282 +00:00] [INF] [11] InternalDatabaseMigration: Migration "20250326065026_AddInheritedParentalRatingSubValue" was successfully applied
[2026-09-21 03:11:54.284 +00:00] [INF] [11] InternalDatabaseMigration: Perform migration "20250327101120_AddKeyframeData"
[2026-09-21 03:11:54.309 +00:00] [INF] [11] InternalDatabaseMigration: Migration "20250327101120_AddKeyframeData" was successfully applied
[2026-09-21 03:11:54.311 +00:00] [INF] [11] InternalDatabaseMigration: Perform migration "20250327171413_AddHdr10PlusFlag"
[2026-09-21 03:11:54.336 +00:00] [INF] [11] InternalDatabaseMigration: Migration "20250327171413_AddHdr10PlusFlag" was successfully applied
[2026-09-21 03:11:54.337 +00:00] [INF] [11] InternalDatabaseMigration: Perform migration "20250331182844_FixAttachmentMigration"
[2026-09-21 03:11:54.379 +00:00] [INF] [11] InternalDatabaseMigration: Migration "20250331182844_FixAttachmentMigration" was successfully applied
[2026-09-21 03:11:54.381 +00:00] [INF] [11] InternalDatabaseMigration: Perform migration "20250401142247_FixAncestors"
[2026-09-21 03:11:54.403 +00:00] [INF] [11] InternalDatabaseMigration: Migration "20250401142247_FixAncestors" was successfully applied
[2026-09-21 03:11:54.405 +00:00] [INF] [11] InternalDatabaseMigration: Perform migration "20250405075612_FixItemValuesIndices"
[2026-09-21 03:11:54.428 +00:00] [INF] [11] InternalDatabaseMigration: Migration "20250405075612_FixItemValuesIndices" was successfully applied
[2026-09-21 03:11:54.429 +00:00] [INF] [11] InternalDatabaseMigration: Perform migration "20250609115616_DetachUserDataInsteadOfDelete"
[2026-09-21 03:11:54.475 +00:00] [INF] [11] InternalDatabaseMigration: Migration "20250609115616_DetachUserDataInsteadOfDelete" was successfully applied
[2026-09-21 03:11:54.477 +00:00] [INF] [11] InternalDatabaseMigration: Perform migration "20250622170802_BaseItemImageInfoDateModifiedNullable"
[2026-09-21 03:11:54.516 +00:00] [INF] [11] InternalDatabaseMigration: Migration "20250622170802_BaseItemImageInfoDateModifiedNullable" was successfully applied
[2026-09-21 03:11:54.517 +00:00] [INF] [11] InternalDatabaseMigration: Perform migration "20250714044826_ResetJournalMode"
[2026-09-21 03:11:54.541 +00:00] [INF] [11] InternalDatabaseMigration: Migration "20250714044826_ResetJournalMode" was successfully applied
[2026-09-21 03:11:54.542 +00:00] [INF] [11] InternalDatabaseMigration: Perform migration "20250913211637_AddProperParentChildRelationBaseItemWithCascade"
[2026-09-21 03:11:54.598 +00:00] [INF] [11] InternalDatabaseMigration: Migration "20250913211637_AddProperParentChildRelationBaseItemWithCascade" was successfully applied
[2026-09-21 03:11:54.599 +00:00] [INF] [11] InternalDatabaseMigration: Perform migration "20250925203415_ExtendPeopleMapKey"
[2026-09-21 03:11:54.644 +00:00] [INF] [11] InternalDatabaseMigration: Migration "20250925203415_ExtendPeopleMapKey" was successfully applied
[2026-09-21 03:11:54.646 +00:00] [INF] [11] InternalDatabaseMigration: Perform migration "20260113102337_AddLinkedChildrenTable"
[2026-09-21 03:11:54.681 +00:00] [INF] [11] InternalDatabaseMigration: Migration "20260113102337_AddLinkedChildrenTable" was successfully applied
[2026-09-21 03:11:54.682 +00:00] [INF] [11] InternalDatabaseMigration: Perform migration "20260113203012_ChangeOwnerIdToGuid"
[2026-09-21 03:11:54.758 +00:00] [INF] [11] InternalDatabaseMigration: Migration "20260113203012_ChangeOwnerIdToGuid" was successfully applied
[2026-09-21 03:11:54.760 +00:00] [INF] [11] InternalDatabaseMigration: Perform migration "20260113233000_AddForeignKeyToOwnerId"
[2026-09-21 03:11:54.817 +00:00] [WRN] [11] Microsoft.EntityFrameworkCore.Migrations: An operation of type '"SqlOperation"' will be attempted while a rebuild of table '"BaseItems"' is pending. The database may not be in an expected state. Review the SQL generated by this migration to help diagnose any failures. Consider moving these operations to a subsequent migration.
[2026-09-21 03:11:54.817 +00:00] [WRN] [11] Microsoft.EntityFrameworkCore.Migrations: An operation of type '"UpdateDataOperation"' will be attempted while a rebuild of table '"BaseItems"' is pending. The database may not be in an expected state. Review the SQL generated by this migration to help diagnose any failures. Consider moving these operations to a subsequent migration.
[2026-09-21 03:11:54.830 +00:00] [INF] [11] InternalDatabaseMigration: Migration "20260113233000_AddForeignKeyToOwnerId" was successfully applied
[2026-09-21 03:11:54.831 +00:00] [INF] [11] InternalDatabaseMigration: Perform migration "20260113233500_DropExtraIdsColumn"
[2026-09-21 03:11:54.884 +00:00] [INF] [11] InternalDatabaseMigration: Migration "20260113233500_DropExtraIdsColumn" was successfully applied
[2026-09-21 03:11:54.885 +00:00] [INF] [11] InternalDatabaseMigration: Perform migration "20260116114245_AddLatestItemsDateCreatedIndexes"
[2026-09-21 03:11:54.912 +00:00] [INF] [11] InternalDatabaseMigration: Migration "20260116114245_AddLatestItemsDateCreatedIndexes" was successfully applied
[2026-09-21 03:11:54.913 +00:00] [INF] [11] InternalDatabaseMigration: Perform migration "20260118182305_AddIndicesToImageInfo"
[2026-09-21 03:11:54.939 +00:00] [INF] [11] InternalDatabaseMigration: Migration "20260118182305_AddIndicesToImageInfo" was successfully applied
[2026-09-21 03:11:54.940 +00:00] [INF] [11] InternalDatabaseMigration: Perform migration "20260130232147_AddBaseItemNameIndex"
[2026-09-21 03:11:54.967 +00:00] [INF] [11] InternalDatabaseMigration: Migration "20260130232147_AddBaseItemNameIndex" was successfully applied
[2026-09-21 03:11:54.968 +00:00] [INF] [11] InternalDatabaseMigration: Perform migration "20260206224832_IndexOptimizations"
[2026-09-21 03:11:54.995 +00:00] [INF] [11] InternalDatabaseMigration: Migration "20260206224832_IndexOptimizations" was successfully applied
[2026-09-21 03:11:54.996 +00:00] [INF] [11] InternalDatabaseMigration: Perform migration "20260215201634_ChangePrimaryVersionIdToGuid"
[2026-09-21 03:11:55.021 +00:00] [INF] [11] InternalDatabaseMigration: Migration "20260215201634_ChangePrimaryVersionIdToGuid" was successfully applied
[2026-09-21 03:11:55.022 +00:00] [INF] [11] InternalDatabaseMigration: Perform migration "20260308123920_AddTypeCleanNameIndex"
[2026-09-21 03:11:55.049 +00:00] [INF] [11] InternalDatabaseMigration: Migration "20260308123920_AddTypeCleanNameIndex" was successfully applied
[2026-09-21 03:11:55.051 +00:00] [INF] [11] InternalDatabaseMigration: Perform migration "20260504075755_AddPartialIndexForItemCounts"
[2026-09-21 03:11:55.078 +00:00] [INF] [11] InternalDatabaseMigration: Migration "20260504075755_AddPartialIndexForItemCounts" was successfully applied
[2026-09-21 03:11:55.079 +00:00] [INF] [11] InternalDatabaseMigration: Perform migration "20260522092303_AddNormalizedUsername"
[2026-09-21 03:11:55.106 +00:00] [INF] [11] InternalDatabaseMigration: Migration "20260522092303_AddNormalizedUsername" was successfully applied
[2026-09-21 03:11:55.107 +00:00] [INF] [11] InternalDatabaseMigration: Perform migration "20260524120336_AddUniqueNormalizedUsernameIndex"
[2026-09-21 03:11:55.133 +00:00] [INF] [11] InternalDatabaseMigration: Migration "20260524120336_AddUniqueNormalizedUsernameIndex" was successfully applied
[2026-09-21 03:11:55.134 +00:00] [INF] [11] InternalDatabaseMigration: Perform migration "20260723111547_AllowDuplicatePlaylistChildren"
[2026-09-21 03:11:55.179 +00:00] [INF] [11] InternalDatabaseMigration: Migration "20260723111547_AllowDuplicatePlaylistChildren" was successfully applied
[2026-09-21 03:11:55.181 +00:00] [INF] [11] InternalDatabaseMigration: Perform migration "20260724185102_AddPrimaryVersionIdIndex"
[2026-09-21 03:11:55.206 +00:00] [INF] [11] InternalDatabaseMigration: Migration "20260724185102_AddPrimaryVersionIdIndex" was successfully applied
[2026-09-21 03:11:55.207 +00:00] [INF] [11] InternalDatabaseMigration: Perform migration "20260728170000_AddPeopleNameLowerIndex"
[2026-09-21 03:11:55.238 +00:00] [INF] [11] InternalDatabaseMigration: Migration "20260728170000_AddPeopleNameLowerIndex" was successfully applied
[2026-09-21 03:11:55.240 +00:00] [INF] [11] InternalDatabaseMigration: Perform migration "20260728182152_AddPeopleItemMapCoveringIndex"
[2026-09-21 03:11:55.363 +00:00] [INF] [11] InternalDatabaseMigration: Migration "20260728182152_AddPeopleItemMapCoveringIndex" was successfully applied
[2026-09-21 03:11:55.365 +00:00] [INF] [11] InternalDatabaseMigration: Perform migration "20260812050902_AddMediaStreamFilterIndex"
[2026-09-21 03:11:55.391 +00:00] [INF] [11] InternalDatabaseMigration: Migration "20260812050902_AddMediaStreamFilterIndex" was successfully applied
[2026-09-21 03:11:55.393 +00:00] [INF] [11] InternalDatabaseMigration: Perform migration "20260815063607_RemoveOrphanedUserPermissionsAndPreferences"
[2026-09-21 03:11:55.438 +00:00] [INF] [11] InternalDatabaseMigration: Migration "20260815063607_RemoveOrphanedUserPermissionsAndPreferences" was successfully applied
[2026-09-21 03:11:55.559 +00:00] [INF] [11] Emby.Server.Implementations.AppBase.BaseConfigurationManager: Saving system configuration
[2026-09-21 03:11:55.560 +00:00] [INF] [11] Emby.Server.Implementations.AppBase.BaseConfigurationManager: Setting cache path: "/cache"
[2026-09-21 03:11:55.563 +00:00] [INF] [11] Emby.Server.Implementations.Plugins.PluginManager: Loaded plugin: "TMDb" "12.1.0.0"
[2026-09-21 03:11:55.564 +00:00] [INF] [11] Emby.Server.Implementations.Plugins.PluginManager: Loaded plugin: "Studio Images" "12.1.0.0"
[2026-09-21 03:11:55.565 +00:00] [INF] [11] Emby.Server.Implementations.Plugins.PluginManager: Loaded plugin: "OMDb" "12.1.0.0"
[2026-09-21 03:11:55.577 +00:00] [INF] [11] Emby.Server.Implementations.Plugins.PluginManager: Loaded plugin: "MusicBrainz" "12.1.0.0"
[2026-09-21 03:11:55.577 +00:00] [INF] [11] Emby.Server.Implementations.Plugins.PluginManager: Loaded plugin: "ListenBrainz Similarity Provider" "12.1.0.0"
[2026-09-21 03:11:55.577 +00:00] [INF] [11] Emby.Server.Implementations.Plugins.PluginManager: Loaded plugin: "AudioDB" "12.1.0.0"
[2026-09-21 03:11:55.618 +00:00] [INF] [11] Emby.Server.Implementations.Library.Search.SearchManager: Registered 0 external search providers: "". Fallback providers: "Database (priority 100)"
[2026-09-21 03:11:55.621 +00:00] [INF] [11] Jellyfin.Server.Migrations.JellyfinMigrationService: There are 5 migrations for stage AppInitialisation.
[2026-09-21 03:11:55.621 +00:00] [INF] [11] InternalCodeMigration: Perform migration "20250420090000_AddDefaultPluginRepository"
[2026-09-21 03:11:55.623 +00:00] [INF] [11] Emby.Server.Implementations.AppBase.BaseConfigurationManager: Saving system configuration
[2026-09-21 03:11:55.624 +00:00] [INF] [11] Emby.Server.Implementations.AppBase.BaseConfigurationManager: Setting cache path: "/cache"
[2026-09-21 03:11:55.624 +00:00] [INF] [11] InternalCodeMigration: Migration "20250420090000_AddDefaultPluginRepository" was successfully applied
[2026-09-21 03:11:55.626 +00:00] [INF] [11] InternalCodeMigration: Perform migration "20250420110000_ReaddDefaultPluginRepository"
[2026-09-21 03:11:55.627 +00:00] [INF] [11] InternalCodeMigration: Migration "20250420110000_ReaddDefaultPluginRepository" was successfully applied
[2026-09-21 03:11:55.629 +00:00] [INF] [11] InternalCodeMigration: Perform migration "20250420160000_AddDefaultCastReceivers"
[2026-09-21 03:11:55.629 +00:00] [INF] [11] Emby.Server.Implementations.AppBase.BaseConfigurationManager: Saving system configuration
[2026-09-21 03:11:55.630 +00:00] [INF] [11] Emby.Server.Implementations.AppBase.BaseConfigurationManager: Setting cache path: "/cache"
[2026-09-21 03:11:55.630 +00:00] [INF] [11] InternalCodeMigration: Migration "20250420160000_AddDefaultCastReceivers" was successfully applied
[2026-09-21 03:11:55.632 +00:00] [INF] [11] InternalCodeMigration: Perform migration "20250420170000_UpdateDefaultPluginRepository"
[2026-09-21 03:11:55.632 +00:00] [INF] [11] Emby.Server.Implementations.AppBase.BaseConfigurationManager: Saving system configuration
[2026-09-21 03:11:55.633 +00:00] [INF] [11] Emby.Server.Implementations.AppBase.BaseConfigurationManager: Setting cache path: "/cache"
[2026-09-21 03:11:55.633 +00:00] [INF] [11] InternalCodeMigration: Migration "20250420170000_UpdateDefaultPluginRepository" was successfully applied
[2026-09-21 03:11:55.640 +00:00] [INF] [11] InternalCodeMigration: Perform migration "20250420230000_MoveTrickplayFiles"
[2026-09-21 03:11:56.118 +00:00] [INF] [11] Jellyfin.Server.Migrations.Routines.MoveTrickplayFiles: Checked: 5000 - Moved: 0 - Time: 00:00:00.4763691
[2026-09-21 03:11:56.118 +00:00] [INF] [11] Jellyfin.Server.Migrations.Routines.MoveTrickplayFiles: Moved 0 items in 00:00:00.4768012
[2026-09-21 03:11:56.118 +00:00] [INF] [11] InternalCodeMigration: Migration "20250420230000_MoveTrickplayFiles" was successfully applied
[2026-09-21 03:11:56.121 +00:00] [INF] [11] Main: Attempt to cleanup JellyfinDb backup.
[2026-09-21 03:11:56.122 +00:00] [INF] [11] Main: Migrations have been applied, optimizing the database... This might take a while
[2026-09-21 03:11:56.174 +00:00] [INF] [11] Jellyfin.Database.Providers.Sqlite.SqliteDatabaseProvider: jellyfin.db optimized successfully!
[2026-09-21 03:11:56.205 +00:00] [INF] [6] Main: Kestrel is listening on "0.0.0.0"
[2026-09-21 03:11:56.222 +00:00] [WRN] [6] Microsoft.AspNetCore.DataProtection.KeyManagement.XmlKeyManager: No XML encryptor configured. Key {df404aa8-c1d4-4b1c-9e70-66ce806709c8} may be persisted to storage in unencrypted form.
[2026-09-21 03:11:56.706 +00:00] [WRN] [6] Microsoft.AspNetCore.StaticFiles.StaticFileMiddleware: The WebRootPath was not found: "/wwwroot". Static files may be unavailable.
[2026-09-21 03:11:57.198 +00:00] [INF] [6] Emby.Server.Implementations.ApplicationHost: Running startup tasks
[2026-09-21 03:11:57.256 +00:00] [INF] [6] Emby.Server.Implementations.ScheduledTasks.TaskManager: Daily trigger for "Generate Trickplay Images" set to fire at 2026-09-22 03:00:00.000 +00:00, which is 23:48:02.7433032 from now.
[2026-09-21 03:11:57.260 +00:00] [INF] [6] Emby.Server.Implementations.ScheduledTasks.TaskManager: Daily trigger for "Extract Chapter Images" set to fire at 2026-09-22 02:00:00.000 +00:00, which is 22:48:02.7398639 from now.
[2026-09-21 03:11:57.289 +00:00] [INF] [6] MediaBrowser.MediaEncoding.Encoder.MediaEncoder: Found ffmpeg version "8.1.2"
[2026-09-21 03:11:57.331 +00:00] [INF] [6] MediaBrowser.MediaEncoding.Encoder.MediaEncoder: Available "decoders": ["libdav1d", "av1", "av1_cuvid", "av1_qsv", "h264", "h264_qsv", "h264_cuvid", "hevc", "hevc_qsv", "hevc_cuvid", "mpeg2video", "mpeg2_qsv", "mpeg2_cuvid", "mpeg4", "mpeg4_cuvid", "msmpeg4", "vc1_qsv", "vc1_cuvid", "vp8", "libvpx", "vp8_cuvid", "vp8_qsv", "vp9", "libvpx-vp9", "vp9_cuvid", "vp9_qsv", "aac", "ac3", "ac4", "dca", "flac", "mp3", "truehd"]
[2026-09-21 03:11:57.351 +00:00] [INF] [6] MediaBrowser.MediaEncoding.Encoder.MediaEncoder: Available "encoders": ["libsvtav1", "av1_nvenc", "av1_qsv", "av1_amf", "av1_vaapi", "libx264", "h264_amf", "h264_nvenc", "h264_qsv", "h264_v4l2m2m", "h264_vaapi", "libx265", "hevc_amf", "hevc_nvenc", "hevc_qsv", "hevc_vaapi", "mjpeg_qsv", "mjpeg_vaapi", "aac", "libfdk_aac", "ac3", "alac", "dca", "flac", "libmp3lame", "libopus", "truehd", "libvorbis", "srt"]
[2026-09-21 03:11:57.372 +00:00] [INF] [6] MediaBrowser.MediaEncoding.Encoder.MediaEncoder: Available filters: ["bwdif_cuda", "bwdif_opencl", "deinterlace_qsv", "deinterlace_vaapi", "flip_vulkan", "hwupload_cuda", "hwupload_vaapi", "libplacebo", "overlay_opencl", "overlay_qsv", "overlay_vaapi", "overlay_vulkan", "overlay_cuda", "procamp_vaapi", "scale_cuda", "scale_opencl", "scale_qsv", "scale_vaapi", "scale_vulkan", "tonemapx", "tonemap_cuda", "tonemap_opencl", "tonemap_vaapi", "transpose_cuda", "transpose_opencl", "transpose_vaapi", "transpose_vulkan", "vpp_qsv", "yadif_cuda", "yadif_opencl", "zscale", "alphasrc"]
[2026-09-21 03:11:57.618 +00:00] [INF] [6] MediaBrowser.MediaEncoding.Encoder.MediaEncoder: Available hwaccel types: ["cuda", "vaapi", "qsv", "drm", "opencl", "vulkan", "amf"]
[2026-09-21 03:11:59.224 +00:00] [INF] [6] MediaBrowser.MediaEncoding.Encoder.MediaEncoder: FFmpeg: "/usr/lib/jellyfin-ffmpeg/ffmpeg"
[2026-09-21 03:11:59.226 +00:00] [INF] [6] Emby.Server.Implementations.ApplicationHost: ServerId: "539fb08a34b14edf8503633698b2443f"
[2026-09-21 03:11:59.226 +00:00] [INF] [6] Emby.Server.Implementations.ApplicationHost: Core startup complete
[2026-09-21 03:11:59.226 +00:00] [INF] [6] Main: Startup complete 0:00:07.6045752
[2026-09-21 03:12:00.271 +00:00] [INF] [4] Emby.Server.Implementations.ScheduledTasks.TaskManager: "Clean Transcode Directory" Completed after 0 minute(s) and 0 seconds
[2026-09-21 03:12:01.287 +00:00] [INF] [18] Emby.Server.Implementations.ScheduledTasks.TaskManager: "Update Plugins" Completed after 0 minute(s) and 1 seconds
[2026-09-21 03:12:59.554 +00:00] [ERR] [4] Jellyfin.Api.Middleware.ExceptionMiddleware: Error processing request: "Token is required". URL "GET" "/socket".
[2026-09-21 03:13:00.791 +00:00] [ERR] [7] Jellyfin.Api.Middleware.ExceptionMiddleware: Error processing request: "Token is required". URL "GET" "/socket".
[2026-09-21 03:13:02.537 +00:00] [ERR] [20] Jellyfin.Api.Middleware.ExceptionMiddleware: Error processing request: "Token is required". URL "GET" "/socket".
[2026-09-21 03:13:05.000 +00:00] [ERR] [21] Jellyfin.Api.Middleware.ExceptionMiddleware: Error processing request: "Token is required". URL "GET" "/socket".
[2026-09-21 03:13:08.332 +00:00] [INF] [7] Emby.Server.Implementations.AppBase.BaseConfigurationManager: Saving system configuration
[2026-09-21 03:13:08.333 +00:00] [INF] [7] Emby.Server.Implementations.AppBase.BaseConfigurationManager: Setting cache path: "/cache"
[2026-09-21 03:13:08.417 +00:00] [WRN] [21] Jellyfin.Server.Implementations.Users.UserManager: No users, creating one with username "root"
[2026-09-21 03:13:08.585 +00:00] [WRN] [21] Microsoft.EntityFrameworkCore.Query: The query uses the 'First'/'FirstOrDefault' operator without 'OrderBy' and filter operators. This may lead to unpredictable results.
[2026-09-21 03:13:08.593 +00:00] [ERR] [4] Jellyfin.Api.Middleware.ExceptionMiddleware: Error processing request: "Token is required". URL "GET" "/socket".
[2026-09-21 03:13:13.820 +00:00] [ERR] [4] Jellyfin.Api.Middleware.ExceptionMiddleware: Error processing request: "Token is required". URL "GET" "/socket".
[2026-09-21 03:13:16.271 +00:00] [ERR] [4] Jellyfin.Api.Middleware.ExceptionMiddleware: Error processing request: "Token is required". URL "GET" "/socket".
[2026-09-21 03:13:20.166 +00:00] [INF] [4] Emby.Server.Implementations.AppBase.BaseConfigurationManager: Saving system configuration
[2026-09-21 03:13:20.167 +00:00] [INF] [4] Emby.Server.Implementations.AppBase.BaseConfigurationManager: Setting cache path: "/cache"
[2026-09-21 03:13:21.662 +00:00] [ERR] [4] Jellyfin.Api.Middleware.ExceptionMiddleware: Error processing request: "Token is required". URL "GET" "/socket".
[2026-09-21 03:13:21.938 +00:00] [INF] [20] Jellyfin.Networking.Manager.NetworkManager: Defined LAN subnets: ["127.0.0.0/8", "10.0.0.0/8", "172.16.0.0/12", "192.168.0.0/16"]
[2026-09-21 03:13:21.939 +00:00] [INF] [20] Jellyfin.Networking.Manager.NetworkManager: Defined LAN exclusions: []
[2026-09-21 03:13:21.939 +00:00] [INF] [20] Jellyfin.Networking.Manager.NetworkManager: Used LAN subnets: ["127.0.0.0/8", "10.0.0.0/8", "172.16.0.0/12", "192.168.0.0/16"]
[2026-09-21 03:13:21.939 +00:00] [INF] [20] Jellyfin.Networking.Manager.NetworkManager: Filtered interface addresses: ["127.0.0.1", "10.0.13.143"]
[2026-09-21 03:13:21.939 +00:00] [INF] [20] Jellyfin.Networking.Manager.NetworkManager: Bind Addresses ["0.0.0.0"]
[2026-09-21 03:13:21.939 +00:00] [INF] [20] Jellyfin.Networking.Manager.NetworkManager: Remote IP filter is "Allowlist"
[2026-09-21 03:13:21.939 +00:00] [INF] [20] Jellyfin.Networking.Manager.NetworkManager: Filtered subnets: []
[2026-09-21 03:13:22.977 +00:00] [INF] [4] Emby.Server.Implementations.AppBase.BaseConfigurationManager: Saving system configuration
[2026-09-21 03:13:22.978 +00:00] [INF] [4] Emby.Server.Implementations.AppBase.BaseConfigurationManager: Setting cache path: "/cache"
[2026-09-21 03:13:22.983 +00:00] [INF] [4] Emby.Server.Implementations.Library.LibraryManager: Validating media library
[2026-09-21 03:13:23.235 +00:00] [WRN] [4] MediaBrowser.Controller.Entities.BaseItem: Library folder "/config/data/playlists" is inaccessible or empty, skipping
[2026-09-21 03:13:23.265 +00:00] [WRN] [4] MediaBrowser.Controller.Entities.BaseItem: Library folder "/config/data/playlists" is inaccessible or empty, skipping
[2026-09-21 03:13:23.269 +00:00] [INF] [4] Emby.Server.Implementations.Library.LibraryManager: Running 8 post-scan task(s)
[2026-09-21 03:13:23.269 +00:00] [INF] [4] Emby.Server.Implementations.Library.LibraryManager: Running post-scan task 1/8: "SplashscreenPostScanTask"
[2026-09-21 03:13:23.309 +00:00] [INF] [4] Emby.Server.Implementations.Library.LibraryManager: Post-scan task "SplashscreenPostScanTask" completed after 0 minute(s) and 0 seconds
[2026-09-21 03:13:23.310 +00:00] [INF] [4] Emby.Server.Implementations.Library.LibraryManager: Running post-scan task 2/8: "ArtistsPostScanTask"
[2026-09-21 03:13:23.354 +00:00] [INF] [4] Emby.Server.Implementations.Library.Validators.ArtistsValidator: Refreshed metadata for 0 new artists out of 0 total
[2026-09-21 03:13:23.401 +00:00] [INF] [4] Emby.Server.Implementations.Library.LibraryManager: Post-scan task "ArtistsPostScanTask" completed after 0 minute(s) and 0 seconds
[2026-09-21 03:13:23.402 +00:00] [INF] [4] Emby.Server.Implementations.Library.LibraryManager: Running post-scan task 3/8: "CollectionPosterVerifyPostScanTask"
[2026-09-21 03:13:23.403 +00:00] [INF] [4] Emby.Server.Implementations.Library.LibraryManager: Post-scan task "CollectionPosterVerifyPostScanTask" completed after 0 minute(s) and 0 seconds
[2026-09-21 03:13:23.403 +00:00] [INF] [4] Emby.Server.Implementations.Library.LibraryManager: Running post-scan task 4/8: "CollectionPostScanTask"
[2026-09-21 03:13:23.406 +00:00] [INF] [4] Emby.Server.Implementations.Library.LibraryManager: Post-scan task "CollectionPostScanTask" completed after 0 minute(s) and 0 seconds
[2026-09-21 03:13:23.406 +00:00] [INF] [4] Emby.Server.Implementations.Library.LibraryManager: Running post-scan task 5/8: "GenresPostScanTask"
[2026-09-21 03:13:23.461 +00:00] [INF] [4] Emby.Server.Implementations.Library.Validators.GenresValidator: Refreshed metadata for 0 new genres out of 0 total
[2026-09-21 03:13:23.508 +00:00] [INF] [4] Emby.Server.Implementations.Library.LibraryManager: Post-scan task "GenresPostScanTask" completed after 0 minute(s) and 0 seconds
[2026-09-21 03:13:23.509 +00:00] [INF] [4] Emby.Server.Implementations.Library.LibraryManager: Running post-scan task 6/8: "MusicGenresPostScanTask"
[2026-09-21 03:13:23.515 +00:00] [INF] [4] Emby.Server.Implementations.Library.Validators.MusicGenresValidator: Refreshed metadata for 0 new music genres out of 0 total
[2026-09-21 03:13:23.515 +00:00] [INF] [4] Emby.Server.Implementations.Library.LibraryManager: Post-scan task "MusicGenresPostScanTask" completed after 0 minute(s) and 0 seconds
[2026-09-21 03:13:23.515 +00:00] [INF] [4] Emby.Server.Implementations.Library.LibraryManager: Running post-scan task 7/8: "StudiosPostScanTask"
[2026-09-21 03:13:23.534 +00:00] [INF] [4] Emby.Server.Implementations.Library.Validators.StudiosValidator: Refreshed metadata for 0 new studios out of 0 total
[2026-09-21 03:13:23.552 +00:00] [ERR] [23] Jellyfin.Api.Middleware.ExceptionMiddleware: Error processing request: "Token is required". URL "GET" "/socket".
[2026-09-21 03:13:23.583 +00:00] [INF] [4] Emby.Server.Implementations.Library.LibraryManager: Post-scan task "StudiosPostScanTask" completed after 0 minute(s) and 0 seconds
[2026-09-21 03:13:23.583 +00:00] [INF] [4] Emby.Server.Implementations.Library.LibraryManager: Running post-scan task 8/8: "CleanDatabaseScheduledTask"
[2026-09-21 03:13:23.650 +00:00] [INF] [4] Emby.Server.Implementations.Library.LibraryManager: Post-scan task "CleanDatabaseScheduledTask" completed after 0 minute(s) and 0 seconds
[2026-09-21 03:13:23.650 +00:00] [INF] [4] Emby.Server.Implementations.Library.LibraryManager: All post-scan tasks completed after 0 minute(s) and 0 seconds
[2026-09-21 03:13:23.656 +00:00] [INF] [4] Emby.Server.Implementations.ScheduledTasks.TaskManager: "Scan Media Library" Completed after 0 minute(s) and 0 seconds
[2026-09-21 03:13:23.700 +00:00] [INF] [21] Jellyfin.Api.Auth.CustomAuthenticationHandler: "CustomAuthentication" was not authenticated. Failure message: "Invalid token."
[2026-09-21 03:13:24.769 +00:00] [ERR] [4] Jellyfin.Api.Middleware.ExceptionMiddleware: Error processing request: "Token is required". URL "GET" "/socket".
[2026-09-21 03:13:26.516 +00:00] [ERR] [4] Jellyfin.Api.Middleware.ExceptionMiddleware: Error processing request: "Token is required". URL "GET" "/socket".
[2026-09-21 03:13:29.037 +00:00] [ERR] [4] Jellyfin.Api.Middleware.ExceptionMiddleware: Error processing request: "Token is required". URL "GET" "/socket".
[2026-09-21 03:13:30.225 +00:00] [INF] [4] Jellyfin.Server.Implementations.Users.UserManager: Authentication request for "thirdy" has succeeded.
[2026-09-21 03:13:30.225 +00:00] [INF] [4] Emby.Server.Implementations.Session.SessionManager: Current/Max sessions for user "thirdy": 0/0
[2026-09-21 03:13:30.227 +00:00] [INF] [4] Emby.Server.Implementations.Session.SessionManager: Creating new access token for user 712577a8-8ef8-46f1-908f-858a69cd0996
[2026-09-21 03:13:30.628 +00:00] [INF] [20] Emby.Server.Implementations.HttpServer.WebSocketManager: WS "127.0.0.1" request
[2026-09-21 03:19:13.619 +00:00] [ERR] [25] Jellyfin.Api.Middleware.ExceptionMiddleware: Error processing request: "Token is required". URL "GET" "/socket".
[2026-09-21 03:24:13.990 +00:00] [ERR] [39] Jellyfin.Api.Middleware.ExceptionMiddleware: Error processing request: "Token is required". URL "GET" "/socket".
[2026-09-21 03:29:14.431 +00:00] [ERR] [51] Jellyfin.Api.Middleware.ExceptionMiddleware: Error processing request: "Token is required". URL "GET" "/socket".
[2026-09-21 03:34:14.868 +00:00] [ERR] [66] Jellyfin.Api.Middleware.ExceptionMiddleware: Error processing request: "Token is required". URL "GET" "/socket".
[2026-09-21 03:39:15.433 +00:00] [ERR] [73] Jellyfin.Api.Middleware.ExceptionMiddleware: Error processing request: "Token is required". URL "GET" "/socket".
[2026-09-21 03:44:15.942 +00:00] [ERR] [87] Jellyfin.Api.Middleware.ExceptionMiddleware: Error processing request: "Token is required". URL "GET" "/socket".
[2026-09-21 05:20:29.575 +00:00] [INF] [1] Emby.Server.Implementations.AppBase.BaseConfigurationManager: Setting cache path: "/cache"
[2026-09-21 05:20:29.781 +00:00] [INF] [7] Jellyfin.Server.ServerSetupApp.SetupServer: Kestrel is listening on "0.0.0.0"
[2026-09-21 05:20:29.811 +00:00] [INF] [7] Main: Jellyfin version: "12.1.0"
[2026-09-21 05:20:29.814 +00:00] [INF] [7] Main: Environment Variables: ["[JELLYFIN_DATA_DIR, /config]", "[JELLYFIN_LOG_DIR, /config/log]", "[JELLYFIN_CACHE_DIR, /cache]", "[JELLYFIN_WEB_DIR, /jellyfin/jellyfin-web]", "[JELLYFIN_CONFIG_DIR, /config/config]", "[JELLYFIN_FFMPEG, /usr/lib/jellyfin-ffmpeg/ffmpeg]"]
[2026-09-21 05:20:29.815 +00:00] [INF] [7] Main: Arguments: ["/jellyfin/jellyfin.dll"]
[2026-09-21 05:20:29.816 +00:00] [INF] [7] Main: Operating system: "Debian GNU/Linux 13 (trixie)"
[2026-09-21 05:20:29.816 +00:00] [INF] [7] Main: Architecture: X64
[2026-09-21 05:20:29.817 +00:00] [INF] [7] Main: 64-Bit Process: True
[2026-09-21 05:20:29.817 +00:00] [INF] [7] Main: User Interactive: True
[2026-09-21 05:20:29.817 +00:00] [INF] [7] Main: Processor count: 4
[2026-09-21 05:20:29.817 +00:00] [INF] [7] Main: Program data path: "/config"
[2026-09-21 05:20:29.817 +00:00] [INF] [7] Main: Log directory path: "/config/log"
[2026-09-21 05:20:29.817 +00:00] [INF] [7] Main: Config directory path: "/config/config"
[2026-09-21 05:20:29.817 +00:00] [INF] [7] Main: Cache path: "/cache"
[2026-09-21 05:20:29.817 +00:00] [INF] [7] Main: Temp directory path: "/tmp/jellyfin"
[2026-09-21 05:20:29.817 +00:00] [INF] [7] Main: Web resources path: "/jellyfin/jellyfin-web"
[2026-09-21 05:20:29.817 +00:00] [INF] [7] Main: Application directory: "/jellyfin/"
[2026-09-21 05:20:29.821 +00:00] [INF] [7] Jellyfin.Server.Startup: Storage path `"/config/data"` (Fixed) successfully checked with "14.3GiB" free which is over the minimum of "2GiB".
[2026-09-21 05:20:29.821 +00:00] [INF] [7] Jellyfin.Server.Startup: Storage path `"/cache"` (Fixed) successfully checked with "14.3GiB" free which is over the minimum of "2GiB".
[2026-09-21 05:20:29.822 +00:00] [INF] [7] Jellyfin.Server.Startup: Storage path `"/config"` (Fixed) successfully checked with "14.3GiB" free which is over the minimum of "2GiB".
[2026-09-21 05:20:29.824 +00:00] [INF] [7] Emby.Server.Implementations.AppBase.BaseConfigurationManager: Setting cache path: "/cache"
[2026-09-21 05:20:29.900 +00:00] [INF] [7] Jellyfin.Database.Providers.Sqlite.SqliteDatabaseProvider: SQLite connection string: "Data Source=/config/data/jellyfin.db;Cache=Private;Default Timeout=60;Pooling=True"
[2026-09-21 05:20:29.907 +00:00] [INF] [7] Jellyfin.Database.Providers.Sqlite.SqliteDatabaseProvider: SQLITE connection pragma command set to: 
"PRAGMA locking_mode=NORMAL;
PRAGMA journal_size_limit=134217728;
PRAGMA synchronous=1;
PRAGMA temp_store=2;
"
[2026-09-21 05:20:29.909 +00:00] [INF] [7] Jellyfin.Database.Implementations.Locking.NoLockBehavior: The database locking mode has been set to: NoLock.
[2026-09-21 05:20:29.950 +00:00] [INF] [7] Jellyfin.Server.Migrations.JellyfinMigrationService: Initialise Migration service.
[2026-09-21 05:20:31.138 +00:00] [INF] [7] Emby.Server.Implementations.AppBase.BaseConfigurationManager: Setting cache path: "/cache"
[2026-09-21 05:20:31.302 +00:00] [INF] [7] Emby.Server.Implementations.ApplicationHost: Loading assemblies
[2026-09-21 05:20:31.338 +00:00] [INF] [7] Jellyfin.Networking.Manager.NetworkManager: Defined LAN subnets: ["127.0.0.0/8", "10.0.0.0/8", "172.16.0.0/12", "192.168.0.0/16"]
[2026-09-21 05:20:31.338 +00:00] [INF] [7] Jellyfin.Networking.Manager.NetworkManager: Defined LAN exclusions: []
[2026-09-21 05:20:31.340 +00:00] [INF] [7] Jellyfin.Networking.Manager.NetworkManager: Used LAN subnets: ["127.0.0.0/8", "10.0.0.0/8", "172.16.0.0/12", "192.168.0.0/16"]
[2026-09-21 05:20:31.341 +00:00] [INF] [7] Jellyfin.Networking.Manager.NetworkManager: Filtered interface addresses: ["127.0.0.1", "10.0.0.75"]
[2026-09-21 05:20:31.342 +00:00] [INF] [7] Jellyfin.Networking.Manager.NetworkManager: Bind Addresses ["0.0.0.0"]
[2026-09-21 05:20:31.342 +00:00] [INF] [7] Jellyfin.Networking.Manager.NetworkManager: Remote IP filter is "Allowlist"
[2026-09-21 05:20:31.342 +00:00] [INF] [7] Jellyfin.Networking.Manager.NetworkManager: Filtered subnets: []
[2026-09-21 05:20:31.660 +00:00] [INF] [7] Jellyfin.Database.Providers.Sqlite.SqliteDatabaseProvider: SQLite connection string: "Data Source=/config/data/jellyfin.db;Cache=Private;Default Timeout=60;Pooling=True"
[2026-09-21 05:20:31.660 +00:00] [INF] [7] Jellyfin.Database.Providers.Sqlite.SqliteDatabaseProvider: SQLITE connection pragma command set to: 
"PRAGMA locking_mode=NORMAL;
PRAGMA journal_size_limit=134217728;
PRAGMA synchronous=1;
PRAGMA temp_store=2;
"
[2026-09-21 05:20:31.660 +00:00] [INF] [7] Jellyfin.Database.Implementations.Locking.NoLockBehavior: The database locking mode has been set to: NoLock.
[2026-09-21 05:20:31.701 +00:00] [INF] [7] Main: Prepare system for possible migrations
[2026-09-21 05:20:31.872 +00:00] [INF] [7] Emby.Server.Implementations.Plugins.PluginManager: Loaded plugin: "TMDb" "12.1.0.0"
[2026-09-21 05:20:31.873 +00:00] [INF] [7] Emby.Server.Implementations.Plugins.PluginManager: Loaded plugin: "Studio Images" "12.1.0.0"
[2026-09-21 05:20:31.873 +00:00] [INF] [7] Emby.Server.Implementations.Plugins.PluginManager: Loaded plugin: "OMDb" "12.1.0.0"
[2026-09-21 05:20:31.886 +00:00] [INF] [7] Emby.Server.Implementations.Plugins.PluginManager: Loaded plugin: "MusicBrainz" "12.1.0.0"
[2026-09-21 05:20:31.886 +00:00] [INF] [7] Emby.Server.Implementations.Plugins.PluginManager: Loaded plugin: "ListenBrainz Similarity Provider" "12.1.0.0"
[2026-09-21 05:20:31.886 +00:00] [INF] [7] Emby.Server.Implementations.Plugins.PluginManager: Loaded plugin: "AudioDB" "12.1.0.0"
[2026-09-21 05:20:31.946 +00:00] [INF] [7] Emby.Server.Implementations.Library.Search.SearchManager: Registered 0 external search providers: "". Fallback providers: "Database (priority 100)"
[2026-09-21 05:20:32.265 +00:00] [INF] [7] Main: Kestrel is listening on "0.0.0.0"
[2026-09-21 05:20:32.286 +00:00] [WRN] [7] Microsoft.AspNetCore.DataProtection.KeyManagement.XmlKeyManager: No XML encryptor configured. Key {747e149e-652d-4c91-be13-5c43de4d1a91} may be persisted to storage in unencrypted form.
[2026-09-21 05:20:33.009 +00:00] [WRN] [7] Microsoft.AspNetCore.StaticFiles.StaticFileMiddleware: The WebRootPath was not found: "/wwwroot". Static files may be unavailable.
[2026-09-21 05:20:33.065 +00:00] [INF] [7] Emby.Server.Implementations.ApplicationHost: Running startup tasks
[2026-09-21 05:20:33.076 +00:00] [INF] [7] Emby.Server.Implementations.ScheduledTasks.TaskManager: Daily trigger for "Generate Trickplay Images" set to fire at 2026-09-22 03:00:00.000 +00:00, which is 21:39:26.9233704 from now.
[2026-09-21 05:20:33.080 +00:00] [INF] [7] Emby.Server.Implementations.ScheduledTasks.TaskManager: Daily trigger for "Extract Chapter Images" set to fire at 2026-09-22 02:00:00.000 +00:00, which is 20:39:26.9198010 from now.
[2026-09-21 05:20:33.748 +00:00] [INF] [7] MediaBrowser.MediaEncoding.Encoder.MediaEncoder: Found ffmpeg version "8.1.2"
[2026-09-21 05:20:33.797 +00:00] [INF] [7] MediaBrowser.MediaEncoding.Encoder.MediaEncoder: Available "decoders": ["libdav1d", "av1", "av1_cuvid", "av1_qsv", "h264", "h264_qsv", "h264_cuvid", "hevc", "hevc_qsv", "hevc_cuvid", "mpeg2video", "mpeg2_qsv", "mpeg2_cuvid", "mpeg4", "mpeg4_cuvid", "msmpeg4", "vc1_qsv", "vc1_cuvid", "vp8", "libvpx", "vp8_cuvid", "vp8_qsv", "vp9", "libvpx-vp9", "vp9_cuvid", "vp9_qsv", "aac", "ac3", "ac4", "dca", "flac", "mp3", "truehd"]
[2026-09-21 05:20:33.818 +00:00] [INF] [7] MediaBrowser.MediaEncoding.Encoder.MediaEncoder: Available "encoders": ["libsvtav1", "av1_nvenc", "av1_qsv", "av1_amf", "av1_vaapi", "libx264", "h264_amf", "h264_nvenc", "h264_qsv", "h264_v4l2m2m", "h264_vaapi", "libx265", "hevc_amf", "hevc_nvenc", "hevc_qsv", "hevc_vaapi", "mjpeg_qsv", "mjpeg_vaapi", "aac", "libfdk_aac", "ac3", "alac", "dca", "flac", "libmp3lame", "libopus", "truehd", "libvorbis", "srt"]
[2026-09-21 05:20:33.838 +00:00] [INF] [7] MediaBrowser.MediaEncoding.Encoder.MediaEncoder: Available filters: ["bwdif_cuda", "bwdif_opencl", "deinterlace_qsv", "deinterlace_vaapi", "flip_vulkan", "hwupload_cuda", "hwupload_vaapi", "libplacebo", "overlay_opencl", "overlay_qsv", "overlay_vaapi", "overlay_vulkan", "overlay_cuda", "procamp_vaapi", "scale_cuda", "scale_opencl", "scale_qsv", "scale_vaapi", "scale_vulkan", "tonemapx", "tonemap_cuda", "tonemap_opencl", "tonemap_vaapi", "transpose_cuda", "transpose_opencl", "transpose_vaapi", "transpose_vulkan", "vpp_qsv", "yadif_cuda", "yadif_opencl", "zscale", "alphasrc"]
[2026-09-21 05:20:34.088 +00:00] [INF] [7] MediaBrowser.MediaEncoding.Encoder.MediaEncoder: Available hwaccel types: ["cuda", "vaapi", "qsv", "drm", "opencl", "vulkan", "amf"]
[2026-09-21 05:20:35.711 +00:00] [INF] [7] MediaBrowser.MediaEncoding.Encoder.MediaEncoder: FFmpeg: "/usr/lib/jellyfin-ffmpeg/ffmpeg"
[2026-09-21 05:20:35.713 +00:00] [INF] [7] Emby.Server.Implementations.ApplicationHost: ServerId: "539fb08a34b14edf8503633698b2443f"
[2026-09-21 05:20:35.713 +00:00] [INF] [7] Emby.Server.Implementations.ApplicationHost: Core startup complete
[2026-09-21 05:20:35.713 +00:00] [INF] [7] Main: Startup complete 0:00:06.3782555
[2026-09-21 05:20:36.112 +00:00] [INF] [14] Emby.Server.Implementations.ScheduledTasks.TaskManager: "Clean Transcode Directory" Completed after 0 minute(s) and 0 seconds
[2026-09-21 05:20:37.250 +00:00] [INF] [14] Emby.Server.Implementations.ScheduledTasks.TaskManager: "Update Plugins" Completed after 0 minute(s) and 1 seconds
[2026-09-21 05:29:06.554 +00:00] [ERR] [34] Jellyfin.Api.Middleware.ExceptionMiddleware: Error processing request: "Token is required". URL "GET" "/socket".
[2026-09-21 05:29:06.720 +00:00] [INF] [34] Jellyfin.Api.Auth.CustomAuthenticationHandler: "CustomAuthentication" was not authenticated. Failure message: "Invalid token."
[2026-09-21 05:29:07.705 +00:00] [ERR] [40] Jellyfin.Api.Middleware.ExceptionMiddleware: Error processing request: "Token is required". URL "GET" "/socket".
[2026-09-21 05:29:09.355 +00:00] [ERR] [40] Jellyfin.Api.Middleware.ExceptionMiddleware: Error processing request: "Token is required". URL "GET" "/socket".
[2026-09-21 05:29:11.834 +00:00] [ERR] [34] Jellyfin.Api.Middleware.ExceptionMiddleware: Error processing request: "Token is required". URL "GET" "/socket".
[2026-09-21 05:29:13.297 +00:00] [INF] [42] Jellyfin.Server.Implementations.Users.UserManager: Authentication request for "thirdy" has succeeded.
[2026-09-21 05:29:13.300 +00:00] [INF] [42] Emby.Server.Implementations.Session.SessionManager: Current/Max sessions for user "thirdy": 0/0
[2026-09-21 05:29:13.301 +00:00] [INF] [42] Emby.Server.Implementations.Session.SessionManager: Creating new access token for user 712577a8-8ef8-46f1-908f-858a69cd0996
[2026-09-21 05:29:13.892 +00:00] [INF] [41] Emby.Server.Implementations.HttpServer.WebSocketManager: WS "127.0.0.1" request
[2026-09-21 05:33:50.443 +00:00] [INF] [26] Emby.Server.Implementations.HttpServer.WebSocketManager: WS "127.0.0.1" request
[2026-09-21 05:34:13.776 +00:00] [INF] [24] Emby.Server.Implementations.HttpServer.WebSocketManager: WS "127.0.0.1" closed
[2026-09-21 05:35:43.803 +00:00] [INF] [31] Emby.Server.Implementations.Session.SessionManager: Sending shutdown notifications
[2026-09-21 05:35:43.949 +00:00] [INF] [28] Emby.Server.Implementations.HttpServer.WebSocketManager: WS "127.0.0.1" closed
[2026-09-21 05:35:43.956 +00:00] [INF] [24] Main: Preparing the database for shutdown...
[2026-09-21 05:35:43.988 +00:00] [INF] [24] Emby.Server.Implementations.ApplicationHost: Disposing "CoreAppHost"
[2026-09-21 05:35:43.988 +00:00] [INF] [24] Emby.Server.Implementations.ApplicationHost: Disposing "Plugin"
[2026-09-21 05:36:40.712 +00:00] [INF] [1] Emby.Server.Implementations.AppBase.BaseConfigurationManager: Setting cache path: "/cache"
[2026-09-21 05:36:40.915 +00:00] [INF] [9] Jellyfin.Server.ServerSetupApp.SetupServer: Kestrel is listening on "0.0.0.0"
[2026-09-21 05:36:40.941 +00:00] [INF] [9] Main: Jellyfin version: "12.1.0"
[2026-09-21 05:36:40.944 +00:00] [INF] [9] Main: Environment Variables: ["[JELLYFIN_WEB_DIR, /jellyfin/jellyfin-web]", "[JELLYFIN_CACHE_DIR, /cache]", "[JELLYFIN_FFMPEG, /usr/lib/jellyfin-ffmpeg/ffmpeg]", "[JELLYFIN_LOG_DIR, /config/log]", "[JELLYFIN_DATA_DIR, /config]", "[JELLYFIN_CONFIG_DIR, /config/config]"]
[2026-09-21 05:36:40.945 +00:00] [INF] [9] Main: Arguments: ["/jellyfin/jellyfin.dll"]
[2026-09-21 05:36:40.946 +00:00] [INF] [9] Main: Operating system: "Debian GNU/Linux 13 (trixie)"
[2026-09-21 05:36:40.946 +00:00] [INF] [9] Main: Architecture: X64
[2026-09-21 05:36:40.946 +00:00] [INF] [9] Main: 64-Bit Process: True
[2026-09-21 05:36:40.946 +00:00] [INF] [9] Main: User Interactive: True
[2026-09-21 05:36:40.946 +00:00] [INF] [9] Main: Processor count: 4
[2026-09-21 05:36:40.946 +00:00] [INF] [9] Main: Program data path: "/config"
[2026-09-21 05:36:40.946 +00:00] [INF] [9] Main: Log directory path: "/config/log"
[2026-09-21 05:36:40.946 +00:00] [INF] [9] Main: Config directory path: "/config/config"
[2026-09-21 05:36:40.947 +00:00] [INF] [9] Main: Cache path: "/cache"
[2026-09-21 05:36:40.947 +00:00] [INF] [9] Main: Temp directory path: "/tmp/jellyfin"
[2026-09-21 05:36:40.947 +00:00] [INF] [9] Main: Web resources path: "/jellyfin/jellyfin-web"
[2026-09-21 05:36:40.947 +00:00] [INF] [9] Main: Application directory: "/jellyfin/"
[2026-09-21 05:36:40.951 +00:00] [INF] [9] Jellyfin.Server.Startup: Storage path `"/config/data"` (Fixed) successfully checked with "14.3GiB" free which is over the minimum of "2GiB".
[2026-09-21 05:36:40.951 +00:00] [INF] [9] Jellyfin.Server.Startup: Storage path `"/cache"` (Fixed) successfully checked with "14.3GiB" free which is over the minimum of "2GiB".
[2026-09-21 05:36:40.951 +00:00] [INF] [9] Jellyfin.Server.Startup: Storage path `"/config"` (Fixed) successfully checked with "14.3GiB" free which is over the minimum of "2GiB".
[2026-09-21 05:36:40.954 +00:00] [INF] [9] Emby.Server.Implementations.AppBase.BaseConfigurationManager: Setting cache path: "/cache"
[2026-09-21 05:36:41.012 +00:00] [INF] [9] Jellyfin.Database.Providers.Sqlite.SqliteDatabaseProvider: SQLite connection string: "Data Source=/config/data/jellyfin.db;Cache=Private;Default Timeout=60;Pooling=True"
[2026-09-21 05:36:41.019 +00:00] [INF] [9] Jellyfin.Database.Providers.Sqlite.SqliteDatabaseProvider: SQLITE connection pragma command set to: 
"PRAGMA locking_mode=NORMAL;
PRAGMA journal_size_limit=134217728;
PRAGMA synchronous=1;
PRAGMA temp_store=2;
"
[2026-09-21 05:36:41.020 +00:00] [INF] [9] Jellyfin.Database.Implementations.Locking.NoLockBehavior: The database locking mode has been set to: NoLock.
[2026-09-21 05:36:41.057 +00:00] [INF] [9] Jellyfin.Server.Migrations.JellyfinMigrationService: Initialise Migration service.
[2026-09-21 05:36:42.019 +00:00] [INF] [9] Emby.Server.Implementations.AppBase.BaseConfigurationManager: Setting cache path: "/cache"
[2026-09-21 05:36:42.031 +00:00] [INF] [9] Emby.Server.Implementations.ApplicationHost: Loading assemblies
[2026-09-21 05:36:42.065 +00:00] [INF] [9] Jellyfin.Networking.Manager.NetworkManager: Defined LAN subnets: ["127.0.0.0/8", "10.0.0.0/8", "172.16.0.0/12", "192.168.0.0/16"]
[2026-09-21 05:36:42.066 +00:00] [INF] [9] Jellyfin.Networking.Manager.NetworkManager: Defined LAN exclusions: []
[2026-09-21 05:36:42.068 +00:00] [INF] [9] Jellyfin.Networking.Manager.NetworkManager: Used LAN subnets: ["127.0.0.0/8", "10.0.0.0/8", "172.16.0.0/12", "192.168.0.0/16"]
[2026-09-21 05:36:42.069 +00:00] [INF] [9] Jellyfin.Networking.Manager.NetworkManager: Filtered interface addresses: ["127.0.0.1", "10.0.0.75"]
[2026-09-21 05:36:42.070 +00:00] [INF] [9] Jellyfin.Networking.Manager.NetworkManager: Bind Addresses ["0.0.0.0"]
[2026-09-21 05:36:42.070 +00:00] [INF] [9] Jellyfin.Networking.Manager.NetworkManager: Remote IP filter is "Allowlist"
[2026-09-21 05:36:42.070 +00:00] [INF] [9] Jellyfin.Networking.Manager.NetworkManager: Filtered subnets: []
[2026-09-21 05:36:42.173 +00:00] [INF] [9] Jellyfin.Database.Providers.Sqlite.SqliteDatabaseProvider: SQLite connection string: "Data Source=/config/data/jellyfin.db;Cache=Private;Default Timeout=60;Pooling=True"
[2026-09-21 05:36:42.174 +00:00] [INF] [9] Jellyfin.Database.Providers.Sqlite.SqliteDatabaseProvider: SQLITE connection pragma command set to: 
"PRAGMA locking_mode=NORMAL;
PRAGMA journal_size_limit=134217728;
PRAGMA synchronous=1;
PRAGMA temp_store=2;
"
[2026-09-21 05:36:42.174 +00:00] [INF] [9] Jellyfin.Database.Implementations.Locking.NoLockBehavior: The database locking mode has been set to: NoLock.
[2026-09-21 05:36:42.214 +00:00] [INF] [9] Main: Prepare system for possible migrations
[2026-09-21 05:36:42.369 +00:00] [INF] [9] Emby.Server.Implementations.Plugins.PluginManager: Loaded plugin: "TMDb" "12.1.0.0"
[2026-09-21 05:36:42.370 +00:00] [INF] [9] Emby.Server.Implementations.Plugins.PluginManager: Loaded plugin: "Studio Images" "12.1.0.0"
[2026-09-21 05:36:42.371 +00:00] [INF] [9] Emby.Server.Implementations.Plugins.PluginManager: Loaded plugin: "OMDb" "12.1.0.0"
[2026-09-21 05:36:42.384 +00:00] [INF] [9] Emby.Server.Implementations.Plugins.PluginManager: Loaded plugin: "MusicBrainz" "12.1.0.0"
[2026-09-21 05:36:42.384 +00:00] [INF] [9] Emby.Server.Implementations.Plugins.PluginManager: Loaded plugin: "ListenBrainz Similarity Provider" "12.1.0.0"
[2026-09-21 05:36:42.385 +00:00] [INF] [9] Emby.Server.Implementations.Plugins.PluginManager: Loaded plugin: "AudioDB" "12.1.0.0"
[2026-09-21 05:36:42.432 +00:00] [INF] [9] Emby.Server.Implementations.Library.Search.SearchManager: Registered 0 external search providers: "". Fallback providers: "Database (priority 100)"
[2026-09-21 05:36:42.752 +00:00] [INF] [7] Main: Kestrel is listening on "0.0.0.0"
[2026-09-21 05:36:43.407 +00:00] [WRN] [7] Microsoft.AspNetCore.StaticFiles.StaticFileMiddleware: The WebRootPath was not found: "/wwwroot". Static files may be unavailable.
[2026-09-21 05:36:43.461 +00:00] [INF] [7] Emby.Server.Implementations.ApplicationHost: Running startup tasks
[2026-09-21 05:36:43.472 +00:00] [INF] [7] Emby.Server.Implementations.ScheduledTasks.TaskManager: Daily trigger for "Generate Trickplay Images" set to fire at 2026-09-22 03:00:00.000 +00:00, which is 21:23:16.5277857 from now.
[2026-09-21 05:36:43.475 +00:00] [INF] [7] Emby.Server.Implementations.ScheduledTasks.TaskManager: Daily trigger for "Extract Chapter Images" set to fire at 2026-09-22 02:00:00.000 +00:00, which is 20:23:16.5243571 from now.
[2026-09-21 05:36:43.516 +00:00] [INF] [7] MediaBrowser.MediaEncoding.Encoder.MediaEncoder: Found ffmpeg version "8.1.2"
[2026-09-21 05:36:43.550 +00:00] [INF] [7] MediaBrowser.MediaEncoding.Encoder.MediaEncoder: Available "decoders": ["libdav1d", "av1", "av1_cuvid", "av1_qsv", "h264", "h264_qsv", "h264_cuvid", "hevc", "hevc_qsv", "hevc_cuvid", "mpeg2video", "mpeg2_qsv", "mpeg2_cuvid", "mpeg4", "mpeg4_cuvid", "msmpeg4", "vc1_qsv", "vc1_cuvid", "vp8", "libvpx", "vp8_cuvid", "vp8_qsv", "vp9", "libvpx-vp9", "vp9_cuvid", "vp9_qsv", "aac", "ac3", "ac4", "dca", "flac", "mp3", "truehd"]
[2026-09-21 05:36:43.575 +00:00] [INF] [7] MediaBrowser.MediaEncoding.Encoder.MediaEncoder: Available "encoders": ["libsvtav1", "av1_nvenc", "av1_qsv", "av1_amf", "av1_vaapi", "libx264", "h264_amf", "h264_nvenc", "h264_qsv", "h264_v4l2m2m", "h264_vaapi", "libx265", "hevc_amf", "hevc_nvenc", "hevc_qsv", "hevc_vaapi", "mjpeg_qsv", "mjpeg_vaapi", "aac", "libfdk_aac", "ac3", "alac", "dca", "flac", "libmp3lame", "libopus", "truehd", "libvorbis", "srt"]
[2026-09-21 05:36:43.594 +00:00] [INF] [7] MediaBrowser.MediaEncoding.Encoder.MediaEncoder: Available filters: ["bwdif_cuda", "bwdif_opencl", "deinterlace_qsv", "deinterlace_vaapi", "flip_vulkan", "hwupload_cuda", "hwupload_vaapi", "libplacebo", "overlay_opencl", "overlay_qsv", "overlay_vaapi", "overlay_vulkan", "overlay_cuda", "procamp_vaapi", "scale_cuda", "scale_opencl", "scale_qsv", "scale_vaapi", "scale_vulkan", "tonemapx", "tonemap_cuda", "tonemap_opencl", "tonemap_vaapi", "transpose_cuda", "transpose_opencl", "transpose_vaapi", "transpose_vulkan", "vpp_qsv", "yadif_cuda", "yadif_opencl", "zscale", "alphasrc"]
[2026-09-21 05:36:43.830 +00:00] [INF] [7] MediaBrowser.MediaEncoding.Encoder.MediaEncoder: Available hwaccel types: ["cuda", "vaapi", "qsv", "drm", "opencl", "vulkan", "amf"]
[2026-09-21 05:36:45.441 +00:00] [INF] [7] MediaBrowser.MediaEncoding.Encoder.MediaEncoder: FFmpeg: "/usr/lib/jellyfin-ffmpeg/ffmpeg"
[2026-09-21 05:36:45.442 +00:00] [INF] [7] Emby.Server.Implementations.ApplicationHost: ServerId: "539fb08a34b14edf8503633698b2443f"
[2026-09-21 05:36:45.442 +00:00] [INF] [7] Emby.Server.Implementations.ApplicationHost: Core startup complete
[2026-09-21 05:36:45.442 +00:00] [INF] [7] Main: Startup complete 0:00:04.948535
[2026-09-21 05:36:46.503 +00:00] [INF] [15] Emby.Server.Implementations.ScheduledTasks.TaskManager: "Clean Transcode Directory" Completed after 0 minute(s) and 0 seconds
[2026-09-21 05:36:48.040 +00:00] [INF] [9] Emby.Server.Implementations.ScheduledTasks.TaskManager: "Update Plugins" Completed after 0 minute(s) and 1 seconds
[2026-09-21 05:36:49.265 +00:00] [INF] [10] Emby.Server.Implementations.HttpServer.WebSocketManager: WS "127.0.0.1" request
[2026-09-21 05:36:59.423 +00:00] [INF] [10] Emby.Server.Implementations.HttpServer.WebSocketManager: WS "127.0.0.1" request
[2026-09-21 05:37:01.554 +00:00] [INF] [9] Emby.Server.Implementations.HttpServer.WebSocketManager: WS "127.0.0.1" closed
[2026-09-21 05:37:01.967 +00:00] [INF] [13] Emby.Server.Implementations.HttpServer.WebSocketManager: WS "127.0.0.1" request
[2026-09-21 05:37:30.696 +00:00] [INF] [19] Emby.Server.Implementations.HttpServer.WebSocketManager: WS "127.0.0.1" closed
[2026-09-21 05:37:31.141 +00:00] [INF] [9] Emby.Server.Implementations.HttpServer.WebSocketManager: WS "127.0.0.1" request
[2026-09-21 05:37:31.860 +00:00] [INF] [19] Emby.Server.Implementations.HttpServer.WebSocketManager: WS "127.0.0.1" closed
[2026-09-21 05:37:32.249 +00:00] [INF] [10] Emby.Server.Implementations.HttpServer.WebSocketManager: WS "127.0.0.1" request
[2026-09-21 05:37:33.051 +00:00] [INF] [9] Emby.Server.Implementations.HttpServer.WebSocketManager: WS "127.0.0.1" closed
[2026-09-21 05:37:33.550 +00:00] [INF] [10] Emby.Server.Implementations.HttpServer.WebSocketManager: WS "127.0.0.1" request
[2026-09-21 05:37:35.523 +00:00] [INF] [10] Emby.Server.Implementations.Session.SessionManager: Logging out access token "ecdc52e0917f46e79cb7bb8255f9a032"
[2026-09-21 05:37:35.524 +00:00] [INF] [19] Emby.Server.Implementations.Session.SessionManager: Logging out access token "ecdc52e0917f46e79cb7bb8255f9a032"
[2026-09-21 05:37:35.622 +00:00] [INF] [10] Emby.Server.Implementations.HttpServer.WebSocketManager: WS "127.0.0.1" closed
[2026-09-21 05:37:35.755 +00:00] [INF] [10] Jellyfin.Api.Auth.CustomAuthenticationHandler: AuthenticationScheme: "CustomAuthentication" was challenged.
[2026-09-21 05:37:39.430 +00:00] [INF] [10] Jellyfin.Api.Auth.CustomAuthenticationHandler: AuthenticationScheme: "CustomAuthentication" was challenged.
[2026-09-21 05:37:39.483 +00:00] [INF] [19] Jellyfin.Api.Auth.CustomAuthenticationHandler: AuthenticationScheme: "CustomAuthentication" was challenged.
[2026-09-21 05:37:40.481 +00:00] [INF] [10] Jellyfin.Server.Implementations.Users.UserManager: Authentication request for "thirdy" has succeeded.
[2026-09-21 05:37:40.482 +00:00] [INF] [10] Emby.Server.Implementations.Session.SessionManager: Current/Max sessions for user "thirdy": 1/0
[2026-09-21 05:37:40.483 +00:00] [INF] [10] Emby.Server.Implementations.Session.SessionManager: Creating new access token for user 712577a8-8ef8-46f1-908f-858a69cd0996
[2026-09-21 05:37:40.661 +00:00] [INF] [23] Emby.Server.Implementations.HttpServer.WebSocketManager: WS "127.0.0.1" request
[2026-09-21 05:50:08.751 +00:00] [INF] [39] Emby.Server.Implementations.HttpServer.WebSocketManager: WS "127.0.0.1" closed
[2026-09-21 05:53:54.413 +00:00] [ERR] [36] Jellyfin.Api.Middleware.ExceptionMiddleware: Error processing request: "Token is required". URL "GET" "/socket".
[2026-09-21 05:54:30.395 +00:00] [ERR] [36] Jellyfin.Api.Middleware.ExceptionMiddleware: Error processing request: "Token is required". URL "GET" "/ws/bot/Meow/Logger".
[2026-09-21 05:54:31.490 +00:00] [ERR] [38] Jellyfin.Api.Middleware.ExceptionMiddleware: Error processing request: "Token is required". URL "GET" "/socket".
[2026-09-21 05:54:36.566 +00:00] [ERR] [36] Jellyfin.Api.Middleware.ExceptionMiddleware: Error processing request: "Token is required". URL "GET" "/socket".
[2026-09-21 05:54:45.103 +00:00] [ERR] [36] Jellyfin.Api.Middleware.ExceptionMiddleware: Error processing request: "Token is required". URL "GET" "/socket".
[2026-09-21 05:54:56.808 +00:00] [ERR] [35] Jellyfin.Api.Middleware.ExceptionMiddleware: Error processing request: "Token is required". URL "GET" "/socket".
[2026-09-21 05:55:37.057 +00:00] [ERR] [36] Jellyfin.Api.Middleware.ExceptionMiddleware: Error processing request: "Token is required". URL "GET" "/socket".
[2026-09-21 05:56:03.716 +00:00] [ERR] [36] Jellyfin.Api.Middleware.ExceptionMiddleware: Error processing request: "Token is required". URL "GET" "/socket".
[2026-09-21 05:56:44.035 +00:00] [ERR] [35] Jellyfin.Api.Middleware.ExceptionMiddleware: Error processing request: "Token is required". URL "GET" "/socket".
[2026-09-21 05:57:07.531 +00:00] [INF] [30] Emby.Server.Implementations.HttpServer.WebSocketManager: WS "127.0.0.1" request
[2026-09-21 05:57:44.308 +00:00] [ERR] [36] Jellyfin.Api.Middleware.ExceptionMiddleware: Error processing request: "Token is required". URL "GET" "/socket".
[2026-09-21 05:58:02.460 +00:00] [INF] [33] Emby.Server.Implementations.HttpServer.WebSocketManager: WS "127.0.0.1" closed
[2026-09-21 05:59:12.137 +00:00] [ERR] [37] Jellyfin.Api.Middleware.ExceptionMiddleware: Error processing request: "Token is required". URL "GET" "/socket".
[2026-09-21 06:01:22.936 +00:00] [ERR] [42] Jellyfin.Api.Middleware.ExceptionMiddleware: Error processing request: "Token is required". URL "GET" "/socket".
[2026-09-21 06:01:28.845 +00:00] [ERR] [48] Jellyfin.Api.Middleware.ExceptionMiddleware: Error processing request: "Token is required". URL "GET" "/ws".
[2026-09-21 06:04:39.142 +00:00] [ERR] [25] Jellyfin.Api.Middleware.ExceptionMiddleware: Error processing request: "Token is required". URL "GET" "/socket".
[2026-09-21 06:09:32.095 +00:00] [ERR] [53] Jellyfin.Api.Middleware.ExceptionMiddleware: Error processing request: "Token is required". URL "GET" "/socket".
[2026-09-21 06:14:33.017 +00:00] [WRN] [65] Emby.Server.Implementations.HttpServer.WebSocketConnection: WS "127.0.0.1" error receiving data: "The remote party closed the WebSocket connection without completing the close handshake."
[2026-09-21 06:14:33.023 +00:00] [INF] [65] Emby.Server.Implementations.HttpServer.WebSocketManager: WS "127.0.0.1" closed
[2026-09-21 06:14:38.500 +00:00] [INF] [65] Emby.Server.Implementations.HttpServer.WebSocketManager: WS "127.0.0.1" request
